<?xml version="1.0" encoding="UTF-8"?>
<interface>
  <object class="GtkScale">
    <property name="draw-value">1</property>
    <property name="visible">0</property>
  </object>
  <object class="GtkScale">
    <property name="visible">0</property>
    <property name="draw-value">1</property>
  </object>
  <object class="GtkScale">
    <property name="visible">0</property>
  </object>
</interface>
