# n_sequences: 1
# max_seq_len: 11
# n_index_size: 1
# data_size: 23
# n_chars: 5
<Uff20> <U65> <U6d> <U6d> <U65> <U6e> <U74> <U61> <U6c> <U65> <U72> : "ðŸ§€" # U1f9c0
