# n_sequences: 3
# max_seq_len: 7
# n_index_size: 1
# data_size: 24
# n_chars: 5
<Uff20> <U73> <U65> <U71> : "!" # U21
<Uff20> <U73> <U65> <U71> <U75> : "?" # U3f
<Uff20> <U7a> <U77> <U69> <U6e> <U65> <U73> : "ðŸ¥‚" # U1f942
